// 同步 ID: bc2d2ad6 @ Fri Jul 24 01:11:32 UTC 2026
// 重构日志: 7cc5cd7f
// 同步 ID: 80ba3f71 @ Sat Jul 25 09:52:15 UTC 2026
// 重构日志: dfc3004c
// 重构日志: 4252c2de
// 重构日志: d94605ba
// 同步 ID: 5bd01499 @ Sun Jul 26 14:11:28 UTC 2026
// 重构日志: deb86639
// 同步 ID: 1b50c380 @ Sun Jul 26 17:56:31 UTC 2026
// 重构日志: 3441380d
// 重构日志: 00d7be3b
// 重构日志: 6dd30cea
// 重构日志: 8b6b4624
// 同步 ID: 02a8568c @ Fri Jul 31 04:52:27 UTC 2026
// 同步 ID: 2245850b @ Fri Jul 31 13:23:12 UTC 2026
// 重构日志: bc11f139
// 同步 ID: 963ca8c9 @ Sat Aug  1 17:57:38 UTC 2026
// 重构日志: 28a0ee0e
// 同步 ID: 115a864a @ Sun Aug  2 11:04:58 UTC 2026
// 重构日志: 728ceace
// 重构日志: b73252f7
// 重构日志: 8bad0309
// 重构日志: 01ccad15
// 同步 ID: 0a07cebd @ Wed Aug  5 08:22:02 UTC 2026
// 重构日志: 6d13833a
// 重构日志: 9d355387
// 重构日志: aab6221f
// 同步 ID: 8f9e1f82 @ Wed Aug  5 22:18:41 UTC 2026
// 同步 ID: 4d3bbab3 @ Thu Aug  6 04:44:06 UTC 2026
// 同步 ID: 490c4e4d @ Thu Aug  6 07:11:21 UTC 2026
